┌ Info: row start
│   spec = "sleepstudy"
│   arm = "noncentered"
│   adapt = false
└   seed = 1
┌ Info: row start
│   spec = "sleepstudy"
│   arm = "noncentered"
│   adapt = false
└   seed = 2
┌ Info: row start
│   spec = "sleepstudy"
│   arm = "noncentered"
│   adapt = false
└   seed = 3
┌ Info: row start
│   spec = "sleepstudy"
│   arm = "noncentered"
│   adapt = false
└   seed = 4
┌ Info: row start
│   spec = "sleepstudy"
│   arm = "noncentered"
│   adapt = false
└   seed = 5
┌ Info: row start
│   spec = "sleepstudy"
│   arm = "noncentered"
│   adapt = false
└   seed = 6
┌ Info: row start
│   spec = "sleepstudy"
│   arm = "noncentered"
│   adapt = false
└   seed = 7
┌ Info: row start
│   spec = "sleepstudy"
│   arm = "noncentered"
│   adapt = false
└   seed = 8
┌ Info: row start
│   spec = "sleepstudy"
│   arm = "noncentered"
│   adapt = false
└   seed = 9
┌ Info: row start
│   spec = "sleepstudy"
│   arm = "noncentered"
│   adapt = false
└   seed = 10
┌ Info: row start
│   spec = "sleepstudy"
│   arm = "noncentered"
│   adapt = false
└   seed = 11
┌ Info: row start
│   spec = "sleepstudy"
│   arm = "noncentered"
│   adapt = false
└   seed = 12
┌ Info: row start
│   spec = "sleepstudy"
│   arm = "noncentered"
│   adapt = true
└   seed = 1
┌ Info: row start
│   spec = "sleepstudy"
│   arm = "noncentered"
│   adapt = true
└   seed = 2
┌ Info: row start
│   spec = "sleepstudy"
│   arm = "noncentered"
│   adapt = true
└   seed = 3
┌ Info: row start
│   spec = "sleepstudy"
│   arm = "noncentered"
│   adapt = true
└   seed = 4
┌ Info: row start
│   spec = "sleepstudy"
│   arm = "noncentered"
│   adapt = true
└   seed = 5
┌ Info: row start
│   spec = "sleepstudy"
│   arm = "noncentered"
│   adapt = true
└   seed = 6
┌ Info: row start
│   spec = "sleepstudy"
│   arm = "noncentered"
│   adapt = true
└   seed = 7
┌ Info: row start
│   spec = "sleepstudy"
│   arm = "noncentered"
│   adapt = true
└   seed = 8
┌ Info: row start
│   spec = "sleepstudy"
│   arm = "noncentered"
│   adapt = true
└   seed = 9
┌ Info: row start
│   spec = "sleepstudy"
│   arm = "noncentered"
│   adapt = true
└   seed = 10
┌ Info: row start
│   spec = "sleepstudy"
│   arm = "noncentered"
│   adapt = true
└   seed = 11
┌ Info: row start
│   spec = "sleepstudy"
│   arm = "noncentered"
│   adapt = true
└   seed = 12
┌ Info: row start
│   spec = "sleepstudy"
│   arm = "centered"
│   adapt = false
└   seed = 1
┌ Info: row start
│   spec = "sleepstudy"
│   arm = "centered"
│   adapt = false
└   seed = 2
┌ Info: row start
│   spec = "sleepstudy"
│   arm = "centered"
│   adapt = false
└   seed = 3
┌ Info: row start
│   spec = "sleepstudy"
│   arm = "centered"
│   adapt = false
└   seed = 4
┌ Info: row start
│   spec = "sleepstudy"
│   arm = "centered"
│   adapt = false
└   seed = 5
┌ Info: row start
│   spec = "sleepstudy"
│   arm = "centered"
│   adapt = false
└   seed = 6
┌ Info: row start
│   spec = "sleepstudy"
│   arm = "centered"
│   adapt = false
└   seed = 7
┌ Info: row start
│   spec = "sleepstudy"
│   arm = "centered"
│   adapt = false
└   seed = 8
┌ Info: row start
│   spec = "sleepstudy"
│   arm = "centered"
│   adapt = false
└   seed = 9
┌ Info: row start
│   spec = "sleepstudy"
│   arm = "centered"
│   adapt = false
└   seed = 10
┌ Info: row start
│   spec = "sleepstudy"
│   arm = "centered"
│   adapt = false
└   seed = 11
┌ Info: row start
│   spec = "sleepstudy"
│   arm = "centered"
│   adapt = false
└   seed = 12
┌ Info: row start
│   spec = "sleepstudy"
│   arm = "centered"
│   adapt = true
└   seed = 1
┌ Info: row start
│   spec = "sleepstudy"
│   arm = "centered"
│   adapt = true
└   seed = 2
┌ Info: row start
│   spec = "sleepstudy"
│   arm = "centered"
│   adapt = true
└   seed = 3
┌ Info: row start
│   spec = "sleepstudy"
│   arm = "centered"
│   adapt = true
└   seed = 4
┌ Info: row start
│   spec = "sleepstudy"
│   arm = "centered"
│   adapt = true
└   seed = 5
┌ Info: row start
│   spec = "sleepstudy"
│   arm = "centered"
│   adapt = true
└   seed = 6
┌ Info: row start
│   spec = "sleepstudy"
│   arm = "centered"
│   adapt = true
└   seed = 7
┌ Info: row start
│   spec = "sleepstudy"
│   arm = "centered"
│   adapt = true
└   seed = 8
┌ Info: row start
│   spec = "sleepstudy"
│   arm = "centered"
│   adapt = true
└   seed = 9
┌ Info: row start
│   spec = "sleepstudy"
│   arm = "centered"
│   adapt = true
└   seed = 10
┌ Info: row start
│   spec = "sleepstudy"
│   arm = "centered"
│   adapt = true
└   seed = 11
┌ Info: row start
│   spec = "sleepstudy"
│   arm = "centered"
│   adapt = true
└   seed = 12
┌ Info: row start
│   spec = "sleepstudy"
│   arm = "adaptive_centering"
│   adapt = false
└   seed = 1
┌ Info: row start
│   spec = "sleepstudy"
│   arm = "adaptive_centering"
│   adapt = false
└   seed = 2
┌ Info: row start
│   spec = "sleepstudy"
│   arm = "adaptive_centering"
│   adapt = false
└   seed = 3
┌ Info: row start
│   spec = "sleepstudy"
│   arm = "adaptive_centering"
│   adapt = false
└   seed = 4
┌ Info: row start
│   spec = "sleepstudy"
│   arm = "adaptive_centering"
│   adapt = false
└   seed = 5
┌ Info: row start
│   spec = "sleepstudy"
│   arm = "adaptive_centering"
│   adapt = false
└   seed = 6
┌ Info: row start
│   spec = "sleepstudy"
│   arm = "adaptive_centering"
│   adapt = false
└   seed = 7
┌ Info: row start
│   spec = "sleepstudy"
│   arm = "adaptive_centering"
│   adapt = false
└   seed = 8
┌ Info: row start
│   spec = "sleepstudy"
│   arm = "adaptive_centering"
│   adapt = false
└   seed = 9
┌ Info: row start
│   spec = "sleepstudy"
│   arm = "adaptive_centering"
│   adapt = false
└   seed = 10
┌ Info: row start
│   spec = "sleepstudy"
│   arm = "adaptive_centering"
│   adapt = false
└   seed = 11
┌ Info: row start
│   spec = "sleepstudy"
│   arm = "adaptive_centering"
│   adapt = false
└   seed = 12
┌ Info: row start
│   spec = "sleepstudy"
│   arm = "adaptive_centering"
│   adapt = true
└   seed = 1
┌ Info: row start
│   spec = "sleepstudy"
│   arm = "adaptive_centering"
│   adapt = true
└   seed = 2
┌ Info: row start
│   spec = "sleepstudy"
│   arm = "adaptive_centering"
│   adapt = true
└   seed = 3
┌ Info: row start
│   spec = "sleepstudy"
│   arm = "adaptive_centering"
│   adapt = true
└   seed = 4
┌ Info: row start
│   spec = "sleepstudy"
│   arm = "adaptive_centering"
│   adapt = true
└   seed = 5
┌ Info: row start
│   spec = "sleepstudy"
│   arm = "adaptive_centering"
│   adapt = true
└   seed = 6
┌ Info: row start
│   spec = "sleepstudy"
│   arm = "adaptive_centering"
│   adapt = true
└   seed = 7
┌ Info: row start
│   spec = "sleepstudy"
│   arm = "adaptive_centering"
│   adapt = true
└   seed = 8
┌ Info: row start
│   spec = "sleepstudy"
│   arm = "adaptive_centering"
│   adapt = true
└   seed = 9
┌ Info: row start
│   spec = "sleepstudy"
│   arm = "adaptive_centering"
│   adapt = true
└   seed = 10
┌ Info: row start
│   spec = "sleepstudy"
│   arm = "adaptive_centering"
│   adapt = true
└   seed = 11
┌ Info: row start
│   spec = "sleepstudy"
│   arm = "adaptive_centering"
│   adapt = true
└   seed = 12
┌ Info: spec done
│   spec = "sleepstudy"
│   seconds = 558.8
│   rows = 72
└   failed = 0
┌ Info: wrote
│   OUT = "/tmp/kb-whmc-brm-sleepstudy-prefix-seeds12.json"
└   rows = 72
